Номера ошибок

001	- ошибка подключения xml файла
002	- неверное значение данных из xml. Количесво всех вопросов теста меньше лимита вопроса на тестирование